// Jest Snapshot v1, https://goo.gl/fbAQLP

exports[`renders correctly 1`] = `
.c1 {
  font-weight: bold;
}

.c0 {
  display: inline-block;
  width: 36px;
  height: 36px;
  text-align: center;
  line-height: 32px;
  border-radius: 100%;
  font-weight: bold;
  border: 2px solid black;
  margin-right: 10px;
}

<form>
  <div
    class=""
  >
    <header>
      <span
        class="c0"
      >
        1
      </span>
      <span
        class="c1"
      >
        Personal data
      </span>
    </header>
  </div>
  <div
    class=""
  >
    <header>
      <span
        class="c0"
      >
        2
      </span>
      <span
        class="c1"
      >
        Billing Address
      </span>
    </header>
  </div>
  <div
    class=""
  >
    <header>
      <span
        class="c0"
      >
        3
      </span>
      <span
        class="c1"
      >
        Payment
      </span>
    </header>
  </div>
</form>
`;
