// Jest Snapshot v1, https://goo.gl/fbAQLP

exports[`renders correctly 1`] = `
.c0 {
  font-weight: bold;
  font-size: 14px;
}

<form>
  <div>
    <header>
      <span
        class=""
      >
        1
      </span>
      <span
        class="c0"
      >
        Personal data
      </span>
    </header>
  </div>
  <div>
    <header>
      <span
        class=""
      >
        2
      </span>
      <span
        class="c0"
      >
        Billing Address
      </span>
    </header>
  </div>
  <div>
    <header>
      <span
        class=""
      >
        3
      </span>
      <span
        class="c0"
      >
        Payment
      </span>
    </header>
  </div>
</form>
`;
